[2025-04-12T01:43:36.397-0300][gc,init] CardTable entry size: 512
[2025-04-12T01:43:36.399-0300][gc     ] Using G1
[2025-04-12T01:43:36.408-0300][gc,init] Version: 21.0.6+8-LTS-188 (release)
[2025-04-12T01:43:36.408-0300][gc,init] CPUs: 8 total, 8 available
[2025-04-12T01:43:36.408-0300][gc,init] Memory: 7790M
[2025-04-12T01:43:36.409-0300][gc,init] Large Page Support: Disabled
[2025-04-12T01:43:36.409-0300][gc,init] NUMA Support: Disabled
[2025-04-12T01:43:36.409-0300][gc,init] Compressed Oops: Enabled (32-bit)
[2025-04-12T01:43:36.410-0300][gc,init] Heap Region Size: 1M
[2025-04-12T01:43:36.410-0300][gc,init] Heap Min Capacity: 1G
[2025-04-12T01:43:36.410-0300][gc,init] Heap Initial Capacity: 1G
[2025-04-12T01:43:36.411-0300][gc,init] Heap Max Capacity: 1G
[2025-04-12T01:43:36.412-0300][gc,init] Pre-touch: Disabled
[2025-04-12T01:43:36.412-0300][gc,init] Parallel Workers: 8
[2025-04-12T01:43:36.412-0300][gc,init] Concurrent Workers: 2
[2025-04-12T01:43:36.412-0300][gc,init] Concurrent Refinement Workers: 8
[2025-04-12T01:43:36.413-0300][gc,init] Periodic GC: Disabled
[2025-04-12T01:43:36.423-0300][gc,metaspace] CDS archive(s) mapped at: [0x00007fa73f000000-0x00007fa73fcab000-0x00007fa73fcab000), size 13283328, SharedBaseAddress: 0x00007fa73f000000, ArchiveRelocationMode: 1.
[2025-04-12T01:43:36.423-0300][gc,metaspace] Compressed class space mapped at: 0x00007fa740000000-0x00007fa780000000, reserved size: 1073741824
[2025-04-12T01:43:36.424-0300][gc,metaspace] Narrow klass base: 0x00007fa73f000000, Narrow klass shift: 0, Narrow klass range: 0x100000000
[2025-04-12T01:43:41.531-0300][gc,start    ] GC(0) Pause Young (Normal) (G1 Evacuation Pause)
[2025-04-12T01:43:41.533-0300][gc,task     ] GC(0) Using 8 workers of 8 for evacuation
[2025-04-12T01:43:41.551-0300][gc,phases   ] GC(0)   Pre Evacuate Collection Set: 0.9ms
[2025-04-12T01:43:41.552-0300][gc,phases   ] GC(0)   Merge Heap Roots: 0.5ms
[2025-04-12T01:43:41.552-0300][gc,phases   ] GC(0)   Evacuate Collection Set: 14.0ms
[2025-04-12T01:43:41.553-0300][gc,phases   ] GC(0)   Post Evacuate Collection Set: 2.0ms
[2025-04-12T01:43:41.553-0300][gc,phases   ] GC(0)   Other: 2.7ms
[2025-04-12T01:43:41.553-0300][gc,heap     ] GC(0) Eden regions: 51->0(44)
[2025-04-12T01:43:41.554-0300][gc,heap     ] GC(0) Survivor regions: 0->7(7)
[2025-04-12T01:43:41.554-0300][gc,heap     ] GC(0) Old regions: 2->4
[2025-04-12T01:43:41.554-0300][gc,heap     ] GC(0) Humongous regions: 0->0
[2025-04-12T01:43:41.555-0300][gc,metaspace] GC(0) Metaspace: 16071K(16256K)->16071K(16256K) NonClass: 14335K(14464K)->14335K(14464K) Class: 1736K(1792K)->1736K(1792K)
[2025-04-12T01:43:41.555-0300][gc          ] GC(0) Pause Young (Normal) (G1 Evacuation Pause) 52M->9M(1024M) 24.515ms
[2025-04-12T01:43:41.555-0300][gc,cpu      ] GC(0) User=0.06s Sys=0.03s Real=0.03s
[2025-04-12T01:43:42.395-0300][gc,start    ] GC(1) Pause Young (Concurrent Start) (Metadata GC Threshold)
[2025-04-12T01:43:42.395-0300][gc,task     ] GC(1) Using 8 workers of 8 for evacuation
[2025-04-12T01:43:42.406-0300][gc,phases   ] GC(1)   Pre Evacuate Collection Set: 0.9ms
[2025-04-12T01:43:42.406-0300][gc,phases   ] GC(1)   Merge Heap Roots: 0.3ms
[2025-04-12T01:43:42.407-0300][gc,phases   ] GC(1)   Evacuate Collection Set: 7.7ms
[2025-04-12T01:43:42.407-0300][gc,phases   ] GC(1)   Post Evacuate Collection Set: 1.2ms
[2025-04-12T01:43:42.407-0300][gc,phases   ] GC(1)   Other: 0.4ms
[2025-04-12T01:43:42.407-0300][gc,heap     ] GC(1) Eden regions: 16->0(49)
[2025-04-12T01:43:42.408-0300][gc,heap     ] GC(1) Survivor regions: 7->2(7)
[2025-04-12T01:43:42.408-0300][gc,heap     ] GC(1) Old regions: 4->11
[2025-04-12T01:43:42.408-0300][gc,heap     ] GC(1) Humongous regions: 0->0
[2025-04-12T01:43:42.408-0300][gc,metaspace] GC(1) Metaspace: 21190K(21504K)->21190K(21504K) NonClass: 18676K(18816K)->18676K(18816K) Class: 2513K(2688K)->2513K(2688K)
[2025-04-12T01:43:42.409-0300][gc          ] GC(1) Pause Young (Concurrent Start) (Metadata GC Threshold) 24M->10M(1024M) 13.635ms
[2025-04-12T01:43:42.409-0300][gc,cpu      ] GC(1) User=0.03s Sys=0.02s Real=0.01s
[2025-04-12T01:43:42.409-0300][gc          ] GC(2) Concurrent Mark Cycle
[2025-04-12T01:43:42.410-0300][gc,marking  ] GC(2) Concurrent Scan Root Regions
[2025-04-12T01:43:42.414-0300][gc,marking  ] GC(2) Concurrent Scan Root Regions 4.488ms
[2025-04-12T01:43:42.415-0300][gc,marking  ] GC(2) Concurrent Mark
[2025-04-12T01:43:42.415-0300][gc,marking  ] GC(2) Concurrent Mark From Roots
[2025-04-12T01:43:42.415-0300][gc,task     ] GC(2) Using 2 workers of 2 for marking
[2025-04-12T01:43:42.420-0300][gc,marking  ] GC(2) Concurrent Mark From Roots 4.763ms
[2025-04-12T01:43:42.420-0300][gc,marking  ] GC(2) Concurrent Preclean
[2025-04-12T01:43:42.421-0300][gc,marking  ] GC(2) Concurrent Preclean 0.305ms
[2025-04-12T01:43:42.421-0300][gc,start    ] GC(2) Pause Remark
[2025-04-12T01:43:42.426-0300][gc          ] GC(2) Pause Remark 11M->11M(1024M) 4.423ms
[2025-04-12T01:43:42.426-0300][gc,cpu      ] GC(2) User=0.01s Sys=0.00s Real=0.01s
[2025-04-12T01:43:42.426-0300][gc,marking  ] GC(2) Concurrent Mark 11.698ms
[2025-04-12T01:43:42.427-0300][gc,marking  ] GC(2) Concurrent Rebuild Remembered Sets and Scrub Regions
[2025-04-12T01:43:42.431-0300][gc,marking  ] GC(2) Concurrent Rebuild Remembered Sets and Scrub Regions 4.482ms
[2025-04-12T01:43:42.432-0300][gc,start    ] GC(2) Pause Cleanup
[2025-04-12T01:43:42.433-0300][gc          ] GC(2) Pause Cleanup 11M->11M(1024M) 0.738ms
[2025-04-12T01:43:42.433-0300][gc,cpu      ] GC(2) User=0.00s Sys=0.00s Real=0.00s
[2025-04-12T01:43:42.434-0300][gc,marking  ] GC(2) Concurrent Clear Claimed Marks
[2025-04-12T01:43:42.434-0300][gc,marking  ] GC(2) Concurrent Clear Claimed Marks 0.478ms
[2025-04-12T01:43:42.435-0300][gc,marking  ] GC(2) Concurrent Cleanup for Next Mark
[2025-04-12T01:43:42.449-0300][gc,marking  ] GC(2) Concurrent Cleanup for Next Mark 13.849ms
[2025-04-12T01:43:42.449-0300][gc          ] GC(2) Concurrent Mark Cycle 40.322ms
[2025-04-12T01:43:47.037-0300][gc,start    ] GC(3) Pause Young (Prepare Mixed) (G1 Evacuation Pause)
[2025-04-12T01:43:47.038-0300][gc,task     ] GC(3) Using 8 workers of 8 for evacuation
[2025-04-12T01:43:47.060-0300][gc,mmu      ] GC(3) MMU target violated: 21.0ms (20.0ms/21.0ms)
[2025-04-12T01:43:47.061-0300][gc,phases   ] GC(3)   Pre Evacuate Collection Set: 1.8ms
[2025-04-12T01:43:47.061-0300][gc,phases   ] GC(3)   Merge Heap Roots: 0.6ms
[2025-04-12T01:43:47.062-0300][gc,phases   ] GC(3)   Evacuate Collection Set: 15.5ms
[2025-04-12T01:43:47.062-0300][gc,phases   ] GC(3)   Post Evacuate Collection Set: 2.9ms
[2025-04-12T01:43:47.063-0300][gc,phases   ] GC(3)   Other: 1.7ms
[2025-04-12T01:43:47.063-0300][gc,heap     ] GC(3) Eden regions: 49->0(45)
[2025-04-12T01:43:47.064-0300][gc,heap     ] GC(3) Survivor regions: 2->6(7)
[2025-04-12T01:43:47.064-0300][gc,heap     ] GC(3) Old regions: 11->11
[2025-04-12T01:43:47.065-0300][gc,heap     ] GC(3) Humongous regions: 9->9
[2025-04-12T01:43:47.065-0300][gc,metaspace] GC(3) Metaspace: 34114K(34624K)->34114K(34624K) NonClass: 30242K(30528K)->30242K(30528K) Class: 3872K(4096K)->3872K(4096K)
[2025-04-12T01:43:47.066-0300][gc          ] GC(3) Pause Young (Prepare Mixed) (G1 Evacuation Pause) 68M->24M(1024M) 28.863ms
[2025-04-12T01:43:47.066-0300][gc,cpu      ] GC(3) User=0.11s Sys=0.02s Real=0.03s
[2025-04-12T01:43:47.522-0300][gc,start    ] GC(4) Pause Young (Mixed) (Metadata GC Threshold)
[2025-04-12T01:43:47.522-0300][gc,task     ] GC(4) Using 8 workers of 8 for evacuation
[2025-04-12T01:43:47.553-0300][gc,mmu      ] GC(4) MMU target violated: 21.0ms (20.0ms/21.0ms)
[2025-04-12T01:43:47.554-0300][gc,phases   ] GC(4)   Pre Evacuate Collection Set: 1.0ms
[2025-04-12T01:43:47.554-0300][gc,phases   ] GC(4)   Merge Heap Roots: 0.4ms
[2025-04-12T01:43:47.555-0300][gc,phases   ] GC(4)   Evacuate Collection Set: 26.1ms
[2025-04-12T01:43:47.555-0300][gc,phases   ] GC(4)   Post Evacuate Collection Set: 2.3ms
[2025-04-12T01:43:47.556-0300][gc,phases   ] GC(4)   Other: 1.7ms
[2025-04-12T01:43:47.556-0300][gc,heap     ] GC(4) Eden regions: 7->0(49)
[2025-04-12T01:43:47.557-0300][gc,heap     ] GC(4) Survivor regions: 6->2(7)
[2025-04-12T01:43:47.558-0300][gc,heap     ] GC(4) Old regions: 11->16
[2025-04-12T01:43:47.558-0300][gc,heap     ] GC(4) Humongous regions: 9->9
[2025-04-12T01:43:47.559-0300][gc,metaspace] GC(4) Metaspace: 35607K(36096K)->35607K(36096K) NonClass: 31533K(31808K)->31533K(31808K) Class: 4074K(4288K)->4074K(4288K)
[2025-04-12T01:43:47.560-0300][gc          ] GC(4) Pause Young (Mixed) (Metadata GC Threshold) 31M->25M(1024M) 37.952ms
[2025-04-12T01:43:47.560-0300][gc,cpu      ] GC(4) User=0.10s Sys=0.08s Real=0.04s
[2025-04-12T01:43:47.617-0300][gc,start    ] GC(5) Pause Young (Concurrent Start) (Metadata GC Threshold)
[2025-04-12T01:43:47.618-0300][gc,task     ] GC(5) Using 8 workers of 8 for evacuation
[2025-04-12T01:43:47.627-0300][gc,phases   ] GC(5)   Pre Evacuate Collection Set: 1.3ms
[2025-04-12T01:43:47.628-0300][gc,phases   ] GC(5)   Merge Heap Roots: 0.5ms
[2025-04-12T01:43:47.629-0300][gc,phases   ] GC(5)   Evacuate Collection Set: 3.4ms
[2025-04-12T01:43:47.629-0300][gc,phases   ] GC(5)   Post Evacuate Collection Set: 2.3ms
[2025-04-12T01:43:47.630-0300][gc,phases   ] GC(5)   Other: 1.2ms
[2025-04-12T01:43:47.630-0300][gc,heap     ] GC(5) Eden regions: 2->0(50)
[2025-04-12T01:43:47.631-0300][gc,heap     ] GC(5) Survivor regions: 2->1(7)
[2025-04-12T01:43:47.632-0300][gc,heap     ] GC(5) Old regions: 16->16
[2025-04-12T01:43:47.633-0300][gc,heap     ] GC(5) Humongous regions: 9->9
[2025-04-12T01:43:47.633-0300][gc,metaspace] GC(5) Metaspace: 35880K(36416K)->35880K(36416K) NonClass: 31789K(32128K)->31789K(32128K) Class: 4091K(4288K)->4091K(4288K)
[2025-04-12T01:43:47.634-0300][gc          ] GC(5) Pause Young (Concurrent Start) (Metadata GC Threshold) 27M->24M(1024M) 16.707ms
[2025-04-12T01:43:47.635-0300][gc,cpu      ] GC(5) User=0.02s Sys=0.00s Real=0.02s
[2025-04-12T01:43:47.635-0300][gc          ] GC(6) Concurrent Mark Cycle
[2025-04-12T01:43:47.637-0300][gc,marking  ] GC(6) Concurrent Scan Root Regions
[2025-04-12T01:43:47.640-0300][gc,marking  ] GC(6) Concurrent Scan Root Regions 3.644ms
[2025-04-12T01:43:47.641-0300][gc,marking  ] GC(6) Concurrent Mark
[2025-04-12T01:43:47.642-0300][gc,marking  ] GC(6) Concurrent Mark From Roots
[2025-04-12T01:43:47.642-0300][gc,task     ] GC(6) Using 2 workers of 2 for marking
[2025-04-12T01:43:47.712-0300][gc,marking  ] GC(6) Concurrent Mark From Roots 70.489ms
[2025-04-12T01:43:47.716-0300][gc,marking  ] GC(6) Concurrent Preclean
[2025-04-12T01:43:47.717-0300][gc,marking  ] GC(6) Concurrent Preclean 0.973ms
[2025-04-12T01:43:47.720-0300][gc,start    ] GC(6) Pause Remark
[2025-04-12T01:43:47.734-0300][gc          ] GC(6) Pause Remark 26M->26M(1024M) 14.216ms
[2025-04-12T01:43:47.736-0300][gc,cpu      ] GC(6) User=0.02s Sys=0.02s Real=0.02s
[2025-04-12T01:43:47.736-0300][gc,marking  ] GC(6) Concurrent Mark 95.300ms
[2025-04-12T01:43:47.737-0300][gc,marking  ] GC(6) Concurrent Rebuild Remembered Sets and Scrub Regions
[2025-04-12T01:43:47.762-0300][gc,marking  ] GC(6) Concurrent Rebuild Remembered Sets and Scrub Regions 24.614ms
[2025-04-12T01:43:47.763-0300][gc,start    ] GC(6) Pause Cleanup
[2025-04-12T01:43:47.765-0300][gc          ] GC(6) Pause Cleanup 26M->26M(1024M) 1.624ms
[2025-04-12T01:43:47.765-0300][gc,cpu      ] GC(6) User=0.00s Sys=0.00s Real=0.01s
[2025-04-12T01:43:47.766-0300][gc,marking  ] GC(6) Concurrent Clear Claimed Marks
[2025-04-12T01:43:47.768-0300][gc,marking  ] GC(6) Concurrent Clear Claimed Marks 1.373ms
[2025-04-12T01:43:47.768-0300][gc,marking  ] GC(6) Concurrent Cleanup for Next Mark
[2025-04-12T01:43:47.821-0300][gc,marking  ] GC(6) Concurrent Cleanup for Next Mark 52.889ms
[2025-04-12T01:43:47.823-0300][gc          ] GC(6) Concurrent Mark Cycle 187.208ms
[2025-04-12T01:45:03.377-0300][gc,start    ] GC(7) Pause Young (Prepare Mixed) (G1 Evacuation Pause)
[2025-04-12T01:45:03.377-0300][gc,task     ] GC(7) Using 8 workers of 8 for evacuation
[2025-04-12T01:45:03.384-0300][gc,phases   ] GC(7)   Pre Evacuate Collection Set: 0.5ms
[2025-04-12T01:45:03.385-0300][gc,phases   ] GC(7)   Merge Heap Roots: 0.2ms
[2025-04-12T01:45:03.385-0300][gc,phases   ] GC(7)   Evacuate Collection Set: 5.5ms
[2025-04-12T01:45:03.385-0300][gc,phases   ] GC(7)   Post Evacuate Collection Set: 0.9ms
[2025-04-12T01:45:03.385-0300][gc,phases   ] GC(7)   Other: 0.3ms
[2025-04-12T01:45:03.385-0300][gc,heap     ] GC(7) Eden regions: 50->0(44)
[2025-04-12T01:45:03.386-0300][gc,heap     ] GC(7) Survivor regions: 1->7(7)
[2025-04-12T01:45:03.386-0300][gc,heap     ] GC(7) Old regions: 16->17
[2025-04-12T01:45:03.386-0300][gc,heap     ] GC(7) Humongous regions: 138->138
[2025-04-12T01:45:03.386-0300][gc,metaspace] GC(7) Metaspace: 43980K(44864K)->43980K(44864K) NonClass: 38932K(39424K)->38932K(39424K) Class: 5047K(5440K)->5047K(5440K)
[2025-04-12T01:45:03.386-0300][gc          ] GC(7) Pause Young (Prepare Mixed) (G1 Evacuation Pause) 203M->161M(1024M) 9.483ms
[2025-04-12T01:45:03.386-0300][gc,cpu      ] GC(7) User=0.05s Sys=0.00s Real=0.01s
[2025-04-12T01:47:28.450-0300][gc,start    ] GC(8) Pause Young (Mixed) (G1 Evacuation Pause)
[2025-04-12T01:47:28.451-0300][gc,task     ] GC(8) Using 8 workers of 8 for evacuation
[2025-04-12T01:47:28.465-0300][gc,phases   ] GC(8)   Pre Evacuate Collection Set: 0.8ms
[2025-04-12T01:47:28.466-0300][gc,phases   ] GC(8)   Merge Heap Roots: 0.3ms
[2025-04-12T01:47:28.466-0300][gc,phases   ] GC(8)   Evacuate Collection Set: 11.3ms
[2025-04-12T01:47:28.467-0300][gc,phases   ] GC(8)   Post Evacuate Collection Set: 1.6ms
[2025-04-12T01:47:28.467-0300][gc,phases   ] GC(8)   Other: 0.5ms
[2025-04-12T01:47:28.467-0300][gc,heap     ] GC(8) Eden regions: 44->0(48)
[2025-04-12T01:47:28.468-0300][gc,heap     ] GC(8) Survivor regions: 7->3(7)
[2025-04-12T01:47:28.468-0300][gc,heap     ] GC(8) Old regions: 17->24
[2025-04-12T01:47:28.469-0300][gc,heap     ] GC(8) Humongous regions: 140->140
[2025-04-12T01:47:28.469-0300][gc,metaspace] GC(8) Metaspace: 48039K(49088K)->48039K(49088K) NonClass: 42466K(43072K)->42466K(43072K) Class: 5573K(6016K)->5573K(6016K)
[2025-04-12T01:47:28.469-0300][gc          ] GC(8) Pause Young (Mixed) (G1 Evacuation Pause) 207M->166M(1024M) 18.921ms
[2025-04-12T01:47:28.470-0300][gc,cpu      ] GC(8) User=0.05s Sys=0.03s Real=0.02s
[2025-04-12T01:52:33.222-0300][gc,start    ] GC(9) Pause Young (Normal) (G1 Evacuation Pause)
[2025-04-12T01:52:33.225-0300][gc,task     ] GC(9) Using 8 workers of 8 for evacuation
[2025-04-12T01:52:34.026-0300][gc,mmu      ] GC(9) MMU target violated: 21.0ms (20.0ms/21.0ms)
[2025-04-12T01:52:34.127-0300][gc,phases   ] GC(9)   Pre Evacuate Collection Set: 2.7ms
[2025-04-12T01:52:34.134-0300][gc,phases   ] GC(9)   Merge Heap Roots: 0.6ms
[2025-04-12T01:52:34.136-0300][gc,phases   ] GC(9)   Evacuate Collection Set: 524.6ms
[2025-04-12T01:52:34.136-0300][gc,phases   ] GC(9)   Post Evacuate Collection Set: 273.0ms
[2025-04-12T01:52:34.137-0300][gc,phases   ] GC(9)   Other: 101.6ms
[2025-04-12T01:52:34.138-0300][gc,heap     ] GC(9) Eden regions: 48->0(46)
[2025-04-12T01:52:34.166-0300][gc,heap     ] GC(9) Survivor regions: 3->5(7)
[2025-04-12T01:52:34.273-0300][gc,heap     ] GC(9) Old regions: 24->24
[2025-04-12T01:52:34.277-0300][gc,heap     ] GC(9) Humongous regions: 140->140
[2025-04-12T01:52:34.277-0300][gc,metaspace] GC(9) Metaspace: 49064K(50112K)->49064K(50112K) NonClass: 43480K(44032K)->43480K(44032K) Class: 5583K(6080K)->5583K(6080K)
[2025-04-12T01:52:34.292-0300][gc          ] GC(9) Pause Young (Normal) (G1 Evacuation Pause) 214M->168M(1024M) 1070.373ms
[2025-04-12T01:52:34.293-0300][gc,cpu      ] GC(9) User=3.88s Sys=0.63s Real=1.07s
[2025-04-12T01:57:39.406-0300][gc,start    ] GC(10) Pause Young (Normal) (G1 Evacuation Pause)
[2025-04-12T01:57:39.543-0300][gc,task     ] GC(10) Using 8 workers of 8 for evacuation
[2025-04-12T01:57:39.747-0300][gc,mmu      ] GC(10) MMU target violated: 21.0ms (20.0ms/21.0ms)
[2025-04-12T01:57:39.748-0300][gc,phases   ] GC(10)   Pre Evacuate Collection Set: 25.3ms
[2025-04-12T01:57:39.748-0300][gc,phases   ] GC(10)   Merge Heap Roots: 0.8ms
[2025-04-12T01:57:39.748-0300][gc,phases   ] GC(10)   Evacuate Collection Set: 175.0ms
[2025-04-12T01:57:39.749-0300][gc,phases   ] GC(10)   Post Evacuate Collection Set: 2.0ms
[2025-04-12T01:57:39.749-0300][gc,phases   ] GC(10)   Other: 1.4ms
[2025-04-12T01:57:39.749-0300][gc,heap     ] GC(10) Eden regions: 46->0(47)
[2025-04-12T01:57:39.750-0300][gc,heap     ] GC(10) Survivor regions: 5->4(7)
[2025-04-12T01:57:39.750-0300][gc,heap     ] GC(10) Old regions: 24->26
[2025-04-12T01:57:39.750-0300][gc,heap     ] GC(10) Humongous regions: 140->140
[2025-04-12T01:57:39.750-0300][gc,metaspace] GC(10) Metaspace: 49194K(50304K)->49194K(50304K) NonClass: 43602K(44224K)->43602K(44224K) Class: 5591K(6080K)->5591K(6080K)
[2025-04-12T01:57:39.751-0300][gc          ] GC(10) Pause Young (Normal) (G1 Evacuation Pause) 214M->169M(1024M) 344.110ms
[2025-04-12T01:57:39.751-0300][gc,cpu      ] GC(10) User=0.69s Sys=0.61s Real=0.34s
[2025-04-12T02:02:58.607-0300][gc,start    ] GC(11) Pause Young (Normal) (G1 Evacuation Pause)
[2025-04-12T02:02:58.609-0300][gc,task     ] GC(11) Using 8 workers of 8 for evacuation
[2025-04-12T02:02:58.623-0300][gc,phases   ] GC(11)   Pre Evacuate Collection Set: 1.3ms
[2025-04-12T02:02:58.624-0300][gc,phases   ] GC(11)   Merge Heap Roots: 0.3ms
[2025-04-12T02:02:58.624-0300][gc,phases   ] GC(11)   Evacuate Collection Set: 10.1ms
[2025-04-12T02:02:58.625-0300][gc,phases   ] GC(11)   Post Evacuate Collection Set: 1.7ms
[2025-04-12T02:02:58.627-0300][gc,phases   ] GC(11)   Other: 0.8ms
[2025-04-12T02:02:58.627-0300][gc,heap     ] GC(11) Eden regions: 47->0(46)
[2025-04-12T02:02:58.628-0300][gc,heap     ] GC(11) Survivor regions: 4->5(7)
[2025-04-12T02:02:58.628-0300][gc,heap     ] GC(11) Old regions: 26->26
[2025-04-12T02:02:58.628-0300][gc,heap     ] GC(11) Humongous regions: 140->140
[2025-04-12T02:02:58.629-0300][gc,metaspace] GC(11) Metaspace: 49321K(50368K)->49321K(50368K) NonClass: 43726K(44288K)->43726K(44288K) Class: 5594K(6080K)->5594K(6080K)
[2025-04-12T02:02:58.630-0300][gc          ] GC(11) Pause Young (Normal) (G1 Evacuation Pause) 216M->170M(1024M) 22.194ms
[2025-04-12T02:02:58.630-0300][gc,cpu      ] GC(11) User=0.07s Sys=0.01s Real=0.02s
[2025-04-12T02:08:17.840-0300][gc,start    ] GC(12) Pause Young (Normal) (G1 Evacuation Pause)
[2025-04-12T02:08:17.841-0300][gc,task     ] GC(12) Using 8 workers of 8 for evacuation
[2025-04-12T02:08:17.848-0300][gc,phases   ] GC(12)   Pre Evacuate Collection Set: 0.7ms
[2025-04-12T02:08:17.848-0300][gc,phases   ] GC(12)   Merge Heap Roots: 0.2ms
[2025-04-12T02:08:17.849-0300][gc,phases   ] GC(12)   Evacuate Collection Set: 5.0ms
[2025-04-12T02:08:17.849-0300][gc,phases   ] GC(12)   Post Evacuate Collection Set: 1.0ms
[2025-04-12T02:08:17.850-0300][gc,phases   ] GC(12)   Other: 0.4ms
[2025-04-12T02:08:17.850-0300][gc,heap     ] GC(12) Eden regions: 46->0(47)
[2025-04-12T02:08:17.851-0300][gc,heap     ] GC(12) Survivor regions: 5->4(7)
[2025-04-12T02:08:17.851-0300][gc,heap     ] GC(12) Old regions: 26->28
[2025-04-12T02:08:17.851-0300][gc,heap     ] GC(12) Humongous regions: 140->140
[2025-04-12T02:08:17.852-0300][gc,metaspace] GC(12) Metaspace: 49381K(50496K)->49381K(50496K) NonClass: 43787K(44416K)->43787K(44416K) Class: 5594K(6080K)->5594K(6080K)
[2025-04-12T02:08:17.852-0300][gc          ] GC(12) Pause Young (Normal) (G1 Evacuation Pause) 216M->171M(1024M) 12.394ms
[2025-04-12T02:08:17.853-0300][gc,cpu      ] GC(12) User=0.02s Sys=0.01s Real=0.01s
[2025-04-12T02:13:47.465-0300][gc,start    ] GC(13) Pause Young (Normal) (G1 Evacuation Pause)
[2025-04-12T02:13:47.465-0300][gc,task     ] GC(13) Using 8 workers of 8 for evacuation
[2025-04-12T02:13:47.472-0300][gc,phases   ] GC(13)   Pre Evacuate Collection Set: 0.4ms
[2025-04-12T02:13:47.473-0300][gc,phases   ] GC(13)   Merge Heap Roots: 0.1ms
[2025-04-12T02:13:47.473-0300][gc,phases   ] GC(13)   Evacuate Collection Set: 5.5ms
[2025-04-12T02:13:47.474-0300][gc,phases   ] GC(13)   Post Evacuate Collection Set: 1.0ms
[2025-04-12T02:13:47.474-0300][gc,phases   ] GC(13)   Other: 0.4ms
[2025-04-12T02:13:47.474-0300][gc,heap     ] GC(13) Eden regions: 47->0(47)
[2025-04-12T02:13:47.475-0300][gc,heap     ] GC(13) Survivor regions: 4->4(7)
[2025-04-12T02:13:47.475-0300][gc,heap     ] GC(13) Old regions: 28->30
[2025-04-12T02:13:47.475-0300][gc,heap     ] GC(13) Humongous regions: 140->140
[2025-04-12T02:13:47.476-0300][gc,metaspace] GC(13) Metaspace: 49397K(50496K)->49397K(50496K) NonClass: 43803K(44416K)->43803K(44416K) Class: 5594K(6080K)->5594K(6080K)
[2025-04-12T02:13:47.476-0300][gc          ] GC(13) Pause Young (Normal) (G1 Evacuation Pause) 218M->173M(1024M) 11.523ms
[2025-04-12T02:13:47.476-0300][gc,cpu      ] GC(13) User=0.02s Sys=0.02s Real=0.01s
[2025-04-12T02:19:22.607-0300][gc,start    ] GC(14) Pause Young (Normal) (G1 Evacuation Pause)
[2025-04-12T02:19:22.608-0300][gc,task     ] GC(14) Using 8 workers of 8 for evacuation
[2025-04-12T02:19:22.618-0300][gc,phases   ] GC(14)   Pre Evacuate Collection Set: 0.8ms
[2025-04-12T02:19:22.618-0300][gc,phases   ] GC(14)   Merge Heap Roots: 0.3ms
[2025-04-12T02:19:22.618-0300][gc,phases   ] GC(14)   Evacuate Collection Set: 8.0ms
[2025-04-12T02:19:22.618-0300][gc,phases   ] GC(14)   Post Evacuate Collection Set: 0.8ms
[2025-04-12T02:19:22.619-0300][gc,phases   ] GC(14)   Other: 0.3ms
[2025-04-12T02:19:22.619-0300][gc,heap     ] GC(14) Eden regions: 47->0(44)
[2025-04-12T02:19:22.619-0300][gc,heap     ] GC(14) Survivor regions: 4->7(7)
[2025-04-12T02:19:22.619-0300][gc,heap     ] GC(14) Old regions: 30->30
[2025-04-12T02:19:22.619-0300][gc,heap     ] GC(14) Humongous regions: 140->140
[2025-04-12T02:19:22.619-0300][gc,metaspace] GC(14) Metaspace: 49412K(50496K)->49412K(50496K) NonClass: 43817K(44416K)->43817K(44416K) Class: 5594K(6080K)->5594K(6080K)
[2025-04-12T02:19:22.620-0300][gc          ] GC(14) Pause Young (Normal) (G1 Evacuation Pause) 220M->175M(1024M) 12.452ms
[2025-04-12T02:19:22.620-0300][gc,cpu      ] GC(14) User=0.05s Sys=0.01s Real=0.02s
[2025-04-12T02:24:41.976-0300][gc,start    ] GC(15) Pause Young (Normal) (G1 Evacuation Pause)
[2025-04-12T02:24:41.977-0300][gc,task     ] GC(15) Using 8 workers of 8 for evacuation
[2025-04-12T02:24:41.989-0300][gc,phases   ] GC(15)   Pre Evacuate Collection Set: 0.7ms
[2025-04-12T02:24:41.989-0300][gc,phases   ] GC(15)   Merge Heap Roots: 0.3ms
[2025-04-12T02:24:41.990-0300][gc,phases   ] GC(15)   Evacuate Collection Set: 9.6ms
[2025-04-12T02:24:41.990-0300][gc,phases   ] GC(15)   Post Evacuate Collection Set: 0.9ms
[2025-04-12T02:24:41.990-0300][gc,phases   ] GC(15)   Other: 0.5ms
[2025-04-12T02:24:41.991-0300][gc,heap     ] GC(15) Eden regions: 44->0(46)
[2025-04-12T02:24:41.991-0300][gc,heap     ] GC(15) Survivor regions: 7->5(7)
[2025-04-12T02:24:41.991-0300][gc,heap     ] GC(15) Old regions: 30->33
[2025-04-12T02:24:41.991-0300][gc,heap     ] GC(15) Humongous regions: 140->140
[2025-04-12T02:24:41.992-0300][gc,metaspace] GC(15) Metaspace: 49433K(50496K)->49433K(50496K) NonClass: 43839K(44416K)->43839K(44416K) Class: 5594K(6080K)->5594K(6080K)
[2025-04-12T02:24:41.992-0300][gc          ] GC(15) Pause Young (Normal) (G1 Evacuation Pause) 219M->176M(1024M) 15.727ms
[2025-04-12T02:24:41.992-0300][gc,cpu      ] GC(15) User=0.07s Sys=0.00s Real=0.02s
[2025-04-12T02:30:15.623-0300][gc,start    ] GC(16) Pause Young (Normal) (G1 Evacuation Pause)
[2025-04-12T02:30:15.623-0300][gc,task     ] GC(16) Using 8 workers of 8 for evacuation
[2025-04-12T02:30:15.635-0300][gc,phases   ] GC(16)   Pre Evacuate Collection Set: 0.7ms
[2025-04-12T02:30:15.636-0300][gc,phases   ] GC(16)   Merge Heap Roots: 0.2ms
[2025-04-12T02:30:15.636-0300][gc,phases   ] GC(16)   Evacuate Collection Set: 9.1ms
[2025-04-12T02:30:15.636-0300][gc,phases   ] GC(16)   Post Evacuate Collection Set: 1.3ms
[2025-04-12T02:30:15.636-0300][gc,phases   ] GC(16)   Other: 0.5ms
[2025-04-12T02:30:15.637-0300][gc,heap     ] GC(16) Eden regions: 46->0(47)
[2025-04-12T02:30:15.637-0300][gc,heap     ] GC(16) Survivor regions: 5->4(7)
[2025-04-12T02:30:15.637-0300][gc,heap     ] GC(16) Old regions: 33->35
[2025-04-12T02:30:15.637-0300][gc,heap     ] GC(16) Humongous regions: 140->140
[2025-04-12T02:30:15.638-0300][gc,metaspace] GC(16) Metaspace: 49452K(50496K)->49452K(50496K) NonClass: 43857K(44416K)->43857K(44416K) Class: 5595K(6080K)->5595K(6080K)
[2025-04-12T02:30:15.638-0300][gc          ] GC(16) Pause Young (Normal) (G1 Evacuation Pause) 222M->177M(1024M) 14.976ms
[2025-04-12T02:30:15.638-0300][gc,cpu      ] GC(16) User=0.06s Sys=0.00s Real=0.02s
[2025-04-12T02:36:05.909-0300][gc,start    ] GC(17) Pause Young (Normal) (G1 Evacuation Pause)
[2025-04-12T02:36:05.910-0300][gc,task     ] GC(17) Using 8 workers of 8 for evacuation
[2025-04-12T02:36:05.918-0300][gc,phases   ] GC(17)   Pre Evacuate Collection Set: 0.7ms
[2025-04-12T02:36:05.918-0300][gc,phases   ] GC(17)   Merge Heap Roots: 0.3ms
[2025-04-12T02:36:05.919-0300][gc,phases   ] GC(17)   Evacuate Collection Set: 5.6ms
[2025-04-12T02:36:05.919-0300][gc,phases   ] GC(17)   Post Evacuate Collection Set: 1.0ms
[2025-04-12T02:36:05.919-0300][gc,phases   ] GC(17)   Other: 0.6ms
[2025-04-12T02:36:05.919-0300][gc,heap     ] GC(17) Eden regions: 47->0(44)
[2025-04-12T02:36:05.919-0300][gc,heap     ] GC(17) Survivor regions: 4->7(7)
[2025-04-12T02:36:05.920-0300][gc,heap     ] GC(17) Old regions: 35->35
[2025-04-12T02:36:05.920-0300][gc,heap     ] GC(17) Humongous regions: 140->140
[2025-04-12T02:36:05.920-0300][gc,metaspace] GC(17) Metaspace: 49470K(50496K)->49470K(50496K) NonClass: 43875K(44416K)->43875K(44416K) Class: 5595K(6080K)->5595K(6080K)
[2025-04-12T02:36:05.920-0300][gc          ] GC(17) Pause Young (Normal) (G1 Evacuation Pause) 224M->180M(1024M) 10.880ms
[2025-04-12T02:36:05.920-0300][gc,cpu      ] GC(17) User=0.02s Sys=0.02s Real=0.02s
[2025-04-12T02:41:34.344-0300][gc,start    ] GC(18) Pause Young (Normal) (G1 Evacuation Pause)
[2025-04-12T02:41:34.344-0300][gc,task     ] GC(18) Using 8 workers of 8 for evacuation
[2025-04-12T02:41:34.355-0300][gc,phases   ] GC(18)   Pre Evacuate Collection Set: 0.6ms
[2025-04-12T02:41:34.355-0300][gc,phases   ] GC(18)   Merge Heap Roots: 0.3ms
[2025-04-12T02:41:34.356-0300][gc,phases   ] GC(18)   Evacuate Collection Set: 8.1ms
[2025-04-12T02:41:34.356-0300][gc,phases   ] GC(18)   Post Evacuate Collection Set: 1.2ms
[2025-04-12T02:41:34.356-0300][gc,phases   ] GC(18)   Other: 0.5ms
[2025-04-12T02:41:34.357-0300][gc,heap     ] GC(18) Eden regions: 44->0(46)
[2025-04-12T02:41:34.357-0300][gc,heap     ] GC(18) Survivor regions: 7->5(7)
[2025-04-12T02:41:34.357-0300][gc,heap     ] GC(18) Old regions: 35->38
[2025-04-12T02:41:34.357-0300][gc,heap     ] GC(18) Humongous regions: 140->140
[2025-04-12T02:41:34.357-0300][gc,metaspace] GC(18) Metaspace: 49475K(50496K)->49475K(50496K) NonClass: 43880K(44416K)->43880K(44416K) Class: 5595K(6080K)->5595K(6080K)
[2025-04-12T02:41:34.358-0300][gc          ] GC(18) Pause Young (Normal) (G1 Evacuation Pause) 224M->181M(1024M) 13.811ms
[2025-04-12T02:41:34.358-0300][gc,cpu      ] GC(18) User=0.07s Sys=0.00s Real=0.02s
[2025-04-12T02:46:43.524-0300][gc,start    ] GC(19) Pause Young (Normal) (G1 Evacuation Pause)
[2025-04-12T02:46:43.531-0300][gc,task     ] GC(19) Using 8 workers of 8 for evacuation
[2025-04-12T02:46:43.612-0300][gc,mmu      ] GC(19) MMU target violated: 21.0ms (20.0ms/21.0ms)
[2025-04-12T02:46:43.614-0300][gc,phases   ] GC(19)   Pre Evacuate Collection Set: 0.6ms
[2025-04-12T02:46:43.615-0300][gc,phases   ] GC(19)   Merge Heap Roots: 1.7ms
[2025-04-12T02:46:43.615-0300][gc,phases   ] GC(19)   Evacuate Collection Set: 59.3ms
[2025-04-12T02:46:43.617-0300][gc,phases   ] GC(19)   Post Evacuate Collection Set: 14.8ms
[2025-04-12T02:46:43.618-0300][gc,phases   ] GC(19)   Other: 6.7ms
[2025-04-12T02:46:43.626-0300][gc,heap     ] GC(19) Eden regions: 46->0(44)
[2025-04-12T02:46:43.635-0300][gc,heap     ] GC(19) Survivor regions: 5->7(7)
[2025-04-12T02:46:43.648-0300][gc,heap     ] GC(19) Old regions: 38->39
[2025-04-12T02:46:43.651-0300][gc,heap     ] GC(19) Humongous regions: 149->149
[2025-04-12T02:46:43.677-0300][gc,metaspace] GC(19) Metaspace: 49655K(50688K)->49655K(50688K) NonClass: 44023K(44608K)->44023K(44608K) Class: 5631K(6080K)->5631K(6080K)
[2025-04-12T02:46:43.682-0300][gc          ] GC(19) Pause Young (Normal) (G1 Evacuation Pause) 236M->194M(1024M) 158.177ms
[2025-04-12T02:46:43.700-0300][gc,cpu      ] GC(19) User=0.46s Sys=0.03s Real=0.18s
[2025-04-12T02:52:13.894-0300][gc,start    ] GC(20) Pause Young (Normal) (G1 Evacuation Pause)
[2025-04-12T02:52:13.895-0300][gc,task     ] GC(20) Using 8 workers of 8 for evacuation
[2025-04-12T02:52:13.908-0300][gc,phases   ] GC(20)   Pre Evacuate Collection Set: 0.7ms
[2025-04-12T02:52:13.908-0300][gc,phases   ] GC(20)   Merge Heap Roots: 0.2ms
[2025-04-12T02:52:13.908-0300][gc,phases   ] GC(20)   Evacuate Collection Set: 10.2ms
[2025-04-12T02:52:13.909-0300][gc,phases   ] GC(20)   Post Evacuate Collection Set: 1.1ms
[2025-04-12T02:52:13.909-0300][gc,phases   ] GC(20)   Other: 0.5ms
[2025-04-12T02:52:13.909-0300][gc,heap     ] GC(20) Eden regions: 44->0(48)
[2025-04-12T02:52:13.909-0300][gc,heap     ] GC(20) Survivor regions: 7->3(7)
[2025-04-12T02:52:13.909-0300][gc,heap     ] GC(20) Old regions: 39->44
[2025-04-12T02:52:13.910-0300][gc,heap     ] GC(20) Humongous regions: 149->149
[2025-04-12T02:52:13.910-0300][gc,metaspace] GC(20) Metaspace: 49688K(50752K)->49688K(50752K) NonClass: 44056K(44672K)->44056K(44672K) Class: 5631K(6080K)->5631K(6080K)
[2025-04-12T02:52:13.910-0300][gc          ] GC(20) Pause Young (Normal) (G1 Evacuation Pause) 238M->195M(1024M) 16.001ms
[2025-04-12T02:52:13.910-0300][gc,cpu      ] GC(20) User=0.05s Sys=0.02s Real=0.01s
[2025-04-12T02:58:15.437-0300][gc,start    ] GC(21) Pause Young (Normal) (G1 Evacuation Pause)
[2025-04-12T02:58:15.438-0300][gc,task     ] GC(21) Using 8 workers of 8 for evacuation
[2025-04-12T02:58:15.451-0300][gc,phases   ] GC(21)   Pre Evacuate Collection Set: 0.9ms
[2025-04-12T02:58:15.451-0300][gc,phases   ] GC(21)   Merge Heap Roots: 0.5ms
[2025-04-12T02:58:15.451-0300][gc,phases   ] GC(21)   Evacuate Collection Set: 9.2ms
[2025-04-12T02:58:15.452-0300][gc,phases   ] GC(21)   Post Evacuate Collection Set: 1.4ms
[2025-04-12T02:58:15.452-0300][gc,phases   ] GC(21)   Other: 0.5ms
[2025-04-12T02:58:15.452-0300][gc,heap     ] GC(21) Eden regions: 48->0(47)
[2025-04-12T02:58:15.453-0300][gc,heap     ] GC(21) Survivor regions: 3->4(7)
[2025-04-12T02:58:15.453-0300][gc,heap     ] GC(21) Old regions: 44->44
[2025-04-12T02:58:15.453-0300][gc,heap     ] GC(21) Humongous regions: 149->149
[2025-04-12T02:58:15.454-0300][gc,metaspace] GC(21) Metaspace: 49694K(50752K)->49694K(50752K) NonClass: 44062K(44672K)->44062K(44672K) Class: 5631K(6080K)->5631K(6080K)
[2025-04-12T02:58:15.454-0300][gc          ] GC(21) Pause Young (Normal) (G1 Evacuation Pause) 243M->196M(1024M) 17.086ms
[2025-04-12T02:58:15.455-0300][gc,cpu      ] GC(21) User=0.06s Sys=0.00s Real=0.02s
[2025-04-12T03:04:09.236-0300][gc,start    ] GC(22) Pause Young (Normal) (G1 Evacuation Pause)
[2025-04-12T03:04:09.237-0300][gc,task     ] GC(22) Using 8 workers of 8 for evacuation
[2025-04-12T03:04:09.252-0300][gc,phases   ] GC(22)   Pre Evacuate Collection Set: 1.3ms
[2025-04-12T03:04:09.253-0300][gc,phases   ] GC(22)   Merge Heap Roots: 0.6ms
[2025-04-12T03:04:09.253-0300][gc,phases   ] GC(22)   Evacuate Collection Set: 9.9ms
[2025-04-12T03:04:09.254-0300][gc,phases   ] GC(22)   Post Evacuate Collection Set: 3.3ms
[2025-04-12T03:04:09.254-0300][gc,phases   ] GC(22)   Other: 0.6ms
[2025-04-12T03:04:09.254-0300][gc,heap     ] GC(22) Eden regions: 47->0(46)
[2025-04-12T03:04:09.255-0300][gc,heap     ] GC(22) Survivor regions: 4->5(7)
[2025-04-12T03:04:09.255-0300][gc,heap     ] GC(22) Old regions: 44->46
[2025-04-12T03:04:09.255-0300][gc,heap     ] GC(22) Humongous regions: 149->149
[2025-04-12T03:04:09.255-0300][gc,metaspace] GC(22) Metaspace: 49722K(50752K)->49722K(50752K) NonClass: 44091K(44672K)->44091K(44672K) Class: 5631K(6080K)->5631K(6080K)
[2025-04-12T03:04:09.256-0300][gc          ] GC(22) Pause Young (Normal) (G1 Evacuation Pause) 243M->198M(1024M) 19.269ms
[2025-04-12T03:04:09.256-0300][gc,cpu      ] GC(22) User=0.04s Sys=0.04s Real=0.02s
[2025-04-12T03:09:56.206-0300][gc,start    ] GC(23) Pause Young (Normal) (G1 Evacuation Pause)
[2025-04-12T03:09:56.207-0300][gc,task     ] GC(23) Using 8 workers of 8 for evacuation
[2025-04-12T03:09:56.214-0300][gc,phases   ] GC(23)   Pre Evacuate Collection Set: 0.6ms
[2025-04-12T03:09:56.214-0300][gc,phases   ] GC(23)   Merge Heap Roots: 0.3ms
[2025-04-12T03:09:56.214-0300][gc,phases   ] GC(23)   Evacuate Collection Set: 4.9ms
[2025-04-12T03:09:56.215-0300][gc,phases   ] GC(23)   Post Evacuate Collection Set: 0.8ms
[2025-04-12T03:09:56.215-0300][gc,phases   ] GC(23)   Other: 0.4ms
[2025-04-12T03:09:56.216-0300][gc,heap     ] GC(23) Eden regions: 46->0(46)
[2025-04-12T03:09:56.216-0300][gc,heap     ] GC(23) Survivor regions: 5->5(7)
[2025-04-12T03:09:56.216-0300][gc,heap     ] GC(23) Old regions: 46->47
[2025-04-12T03:09:56.217-0300][gc,heap     ] GC(23) Humongous regions: 149->149
[2025-04-12T03:09:56.217-0300][gc,metaspace] GC(23) Metaspace: 49732K(50752K)->49732K(50752K) NonClass: 44101K(44672K)->44101K(44672K) Class: 5631K(6080K)->5631K(6080K)
[2025-04-12T03:09:56.217-0300][gc          ] GC(23) Pause Young (Normal) (G1 Evacuation Pause) 244M->200M(1024M) 11.516ms
[2025-04-12T03:09:56.218-0300][gc,cpu      ] GC(23) User=0.04s Sys=0.00s Real=0.01s
[2025-04-12T03:15:44.157-0300][gc,start    ] GC(24) Pause Young (Normal) (G1 Evacuation Pause)
[2025-04-12T03:15:44.158-0300][gc,task     ] GC(24) Using 8 workers of 8 for evacuation
[2025-04-12T03:15:44.165-0300][gc,phases   ] GC(24)   Pre Evacuate Collection Set: 0.6ms
[2025-04-12T03:15:44.165-0300][gc,phases   ] GC(24)   Merge Heap Roots: 0.3ms
[2025-04-12T03:15:44.165-0300][gc,phases   ] GC(24)   Evacuate Collection Set: 5.0ms
[2025-04-12T03:15:44.165-0300][gc,phases   ] GC(24)   Post Evacuate Collection Set: 0.9ms
[2025-04-12T03:15:44.166-0300][gc,phases   ] GC(24)   Other: 0.4ms
[2025-04-12T03:15:44.166-0300][gc,heap     ] GC(24) Eden regions: 46->0(46)
[2025-04-12T03:15:44.166-0300][gc,heap     ] GC(24) Survivor regions: 5->5(7)
[2025-04-12T03:15:44.166-0300][gc,heap     ] GC(24) Old regions: 47->49
[2025-04-12T03:15:44.167-0300][gc,heap     ] GC(24) Humongous regions: 149->149
[2025-04-12T03:15:44.167-0300][gc,metaspace] GC(24) Metaspace: 49734K(50752K)->49734K(50752K) NonClass: 44103K(44672K)->44103K(44672K) Class: 5631K(6080K)->5631K(6080K)
[2025-04-12T03:15:44.167-0300][gc          ] GC(24) Pause Young (Normal) (G1 Evacuation Pause) 246M->202M(1024M) 9.904ms
[2025-04-12T03:15:44.167-0300][gc,cpu      ] GC(24) User=0.04s Sys=0.00s Real=0.01s
[2025-04-12T03:21:29.922-0300][gc,start    ] GC(25) Pause Young (Normal) (G1 Evacuation Pause)
[2025-04-12T03:21:29.922-0300][gc,task     ] GC(25) Using 8 workers of 8 for evacuation
[2025-04-12T03:21:29.938-0300][gc,phases   ] GC(25)   Pre Evacuate Collection Set: 0.5ms
[2025-04-12T03:21:29.939-0300][gc,phases   ] GC(25)   Merge Heap Roots: 0.2ms
[2025-04-12T03:21:29.939-0300][gc,phases   ] GC(25)   Evacuate Collection Set: 13.9ms
[2025-04-12T03:21:29.939-0300][gc,phases   ] GC(25)   Post Evacuate Collection Set: 1.0ms
[2025-04-12T03:21:29.940-0300][gc,phases   ] GC(25)   Other: 0.4ms
[2025-04-12T03:21:29.940-0300][gc,heap     ] GC(25) Eden regions: 46->0(47)
[2025-04-12T03:21:29.940-0300][gc,heap     ] GC(25) Survivor regions: 5->4(7)
[2025-04-12T03:21:29.941-0300][gc,heap     ] GC(25) Old regions: 49->51
[2025-04-12T03:21:29.941-0300][gc,heap     ] GC(25) Humongous regions: 149->149
[2025-04-12T03:21:29.941-0300][gc,metaspace] GC(25) Metaspace: 49755K(50752K)->49755K(50752K) NonClass: 44123K(44672K)->44123K(44672K) Class: 5631K(6080K)->5631K(6080K)
[2025-04-12T03:21:29.942-0300][gc          ] GC(25) Pause Young (Normal) (G1 Evacuation Pause) 248M->203M(1024M) 19.787ms
[2025-04-12T03:21:29.942-0300][gc,cpu      ] GC(25) User=0.03s Sys=0.03s Real=0.02s
[2025-04-12T03:27:24.018-0300][gc,start    ] GC(26) Pause Young (Normal) (G1 Evacuation Pause)
[2025-04-12T03:27:24.019-0300][gc,task     ] GC(26) Using 8 workers of 8 for evacuation
[2025-04-12T03:27:24.057-0300][gc,mmu      ] GC(26) MMU target violated: 21.0ms (20.0ms/21.0ms)
[2025-04-12T03:27:24.058-0300][gc,phases   ] GC(26)   Pre Evacuate Collection Set: 1.2ms
[2025-04-12T03:27:24.058-0300][gc,phases   ] GC(26)   Merge Heap Roots: 0.9ms
[2025-04-12T03:27:24.058-0300][gc,phases   ] GC(26)   Evacuate Collection Set: 32.4ms
[2025-04-12T03:27:24.058-0300][gc,phases   ] GC(26)   Post Evacuate Collection Set: 1.9ms
[2025-04-12T03:27:24.059-0300][gc,phases   ] GC(26)   Other: 1.6ms
[2025-04-12T03:27:24.059-0300][gc,heap     ] GC(26) Eden regions: 47->0(47)
[2025-04-12T03:27:24.059-0300][gc,heap     ] GC(26) Survivor regions: 4->4(7)
[2025-04-12T03:27:24.060-0300][gc,heap     ] GC(26) Old regions: 51->53
[2025-04-12T03:27:24.060-0300][gc,heap     ] GC(26) Humongous regions: 149->149
[2025-04-12T03:27:24.064-0300][gc,metaspace] GC(26) Metaspace: 49757K(50752K)->49757K(50752K) NonClass: 44126K(44672K)->44126K(44672K) Class: 5631K(6080K)->5631K(6080K)
[2025-04-12T03:27:24.071-0300][gc          ] GC(26) Pause Young (Normal) (G1 Evacuation Pause) 250M->205M(1024M) 52.830ms
[2025-04-12T03:27:24.072-0300][gc,cpu      ] GC(26) User=0.15s Sys=0.04s Real=0.05s
[2025-04-12T03:33:20.808-0300][gc,start    ] GC(27) Pause Young (Normal) (G1 Evacuation Pause)
[2025-04-12T03:33:20.813-0300][gc,task     ] GC(27) Using 8 workers of 8 for evacuation
[2025-04-12T03:33:20.824-0300][gc,phases   ] GC(27)   Pre Evacuate Collection Set: 0.6ms
[2025-04-12T03:33:20.825-0300][gc,phases   ] GC(27)   Merge Heap Roots: 0.4ms
[2025-04-12T03:33:20.825-0300][gc,phases   ] GC(27)   Evacuate Collection Set: 9.3ms
[2025-04-12T03:33:20.825-0300][gc,phases   ] GC(27)   Post Evacuate Collection Set: 0.8ms
[2025-04-12T03:33:20.826-0300][gc,phases   ] GC(27)   Other: 0.7ms
[2025-04-12T03:33:20.826-0300][gc,heap     ] GC(27) Eden regions: 47->0(44)
[2025-04-12T03:33:20.826-0300][gc,heap     ] GC(27) Survivor regions: 4->7(7)
[2025-04-12T03:33:20.827-0300][gc,heap     ] GC(27) Old regions: 53->53
[2025-04-12T03:33:20.827-0300][gc,heap     ] GC(27) Humongous regions: 149->149
[2025-04-12T03:33:20.827-0300][gc,metaspace] GC(27) Metaspace: 49761K(50752K)->49761K(50752K) NonClass: 44130K(44672K)->44130K(44672K) Class: 5631K(6080K)->5631K(6080K)
[2025-04-12T03:33:20.827-0300][gc          ] GC(27) Pause Young (Normal) (G1 Evacuation Pause) 252M->207M(1024M) 19.464ms
[2025-04-12T03:33:20.828-0300][gc,cpu      ] GC(27) User=0.07s Sys=0.00s Real=0.02s
[2025-04-12T03:38:50.922-0300][gc,start    ] GC(28) Pause Young (Normal) (G1 Evacuation Pause)
[2025-04-12T03:38:50.923-0300][gc,task     ] GC(28) Using 8 workers of 8 for evacuation
[2025-04-12T03:38:50.935-0300][gc,phases   ] GC(28)   Pre Evacuate Collection Set: 0.7ms
[2025-04-12T03:38:50.935-0300][gc,phases   ] GC(28)   Merge Heap Roots: 0.2ms
[2025-04-12T03:38:50.935-0300][gc,phases   ] GC(28)   Evacuate Collection Set: 9.4ms
[2025-04-12T03:38:50.936-0300][gc,phases   ] GC(28)   Post Evacuate Collection Set: 0.9ms
[2025-04-12T03:38:50.936-0300][gc,phases   ] GC(28)   Other: 0.4ms
[2025-04-12T03:38:50.936-0300][gc,heap     ] GC(28) Eden regions: 44->0(46)
[2025-04-12T03:38:50.937-0300][gc,heap     ] GC(28) Survivor regions: 7->5(7)
[2025-04-12T03:38:50.937-0300][gc,heap     ] GC(28) Old regions: 53->56
[2025-04-12T03:38:50.938-0300][gc,heap     ] GC(28) Humongous regions: 149->149
[2025-04-12T03:38:50.938-0300][gc,metaspace] GC(28) Metaspace: 49766K(50752K)->49766K(50752K) NonClass: 44135K(44672K)->44135K(44672K) Class: 5631K(6080K)->5631K(6080K)
[2025-04-12T03:38:50.938-0300][gc          ] GC(28) Pause Young (Normal) (G1 Evacuation Pause) 251M->208M(1024M) 15.820ms
[2025-04-12T03:38:50.939-0300][gc,cpu      ] GC(28) User=0.02s Sys=0.04s Real=0.01s
[2025-04-12T03:44:06.316-0300][gc,start    ] GC(29) Pause Young (Normal) (G1 Evacuation Pause)
[2025-04-12T03:44:06.317-0300][gc,task     ] GC(29) Using 8 workers of 8 for evacuation
[2025-04-12T03:44:06.349-0300][gc,mmu      ] GC(29) MMU target violated: 21.0ms (20.0ms/21.0ms)
[2025-04-12T03:44:06.350-0300][gc,phases   ] GC(29)   Pre Evacuate Collection Set: 1.2ms
[2025-04-12T03:44:06.350-0300][gc,phases   ] GC(29)   Merge Heap Roots: 0.7ms
[2025-04-12T03:44:06.351-0300][gc,phases   ] GC(29)   Evacuate Collection Set: 28.7ms
[2025-04-12T03:44:06.351-0300][gc,phases   ] GC(29)   Post Evacuate Collection Set: 1.5ms
[2025-04-12T03:44:06.351-0300][gc,phases   ] GC(29)   Other: 1.2ms
[2025-04-12T03:44:06.352-0300][gc,heap     ] GC(29) Eden regions: 46->0(44)
[2025-04-12T03:44:06.352-0300][gc,heap     ] GC(29) Survivor regions: 5->7(7)
[2025-04-12T03:44:06.353-0300][gc,heap     ] GC(29) Old regions: 56->58
[2025-04-12T03:44:06.353-0300][gc,heap     ] GC(29) Humongous regions: 149->149
[2025-04-12T03:44:06.354-0300][gc,metaspace] GC(29) Metaspace: 49775K(50752K)->49775K(50752K) NonClass: 44143K(44672K)->44143K(44672K) Class: 5631K(6080K)->5631K(6080K)
[2025-04-12T03:44:06.354-0300][gc          ] GC(29) Pause Young (Normal) (G1 Evacuation Pause) 254M->213M(1024M) 38.393ms
[2025-04-12T03:44:06.355-0300][gc,cpu      ] GC(29) User=0.16s Sys=0.04s Real=0.04s
[2025-04-12T03:49:38.906-0300][gc,start    ] GC(30) Pause Young (Normal) (G1 Evacuation Pause)
[2025-04-12T03:49:38.906-0300][gc,task     ] GC(30) Using 8 workers of 8 for evacuation
[2025-04-12T03:49:38.922-0300][gc,phases   ] GC(30)   Pre Evacuate Collection Set: 0.7ms
[2025-04-12T03:49:38.922-0300][gc,phases   ] GC(30)   Merge Heap Roots: 0.4ms
[2025-04-12T03:49:38.923-0300][gc,phases   ] GC(30)   Evacuate Collection Set: 13.0ms
[2025-04-12T03:49:38.923-0300][gc,phases   ] GC(30)   Post Evacuate Collection Set: 1.1ms
[2025-04-12T03:49:38.923-0300][gc,phases   ] GC(30)   Other: 0.3ms
[2025-04-12T03:49:38.924-0300][gc,heap     ] GC(30) Eden regions: 44->0(48)
[2025-04-12T03:49:38.924-0300][gc,heap     ] GC(30) Survivor regions: 7->3(7)
[2025-04-12T03:49:38.924-0300][gc,heap     ] GC(30) Old regions: 58->64
[2025-04-12T03:49:38.924-0300][gc,heap     ] GC(30) Humongous regions: 149->149
[2025-04-12T03:49:38.924-0300][gc,metaspace] GC(30) Metaspace: 49800K(50816K)->49800K(50816K) NonClass: 44163K(44736K)->44163K(44736K) Class: 5636K(6080K)->5636K(6080K)
[2025-04-12T03:49:38.925-0300][gc          ] GC(30) Pause Young (Normal) (G1 Evacuation Pause) 257M->215M(1024M) 18.553ms
[2025-04-12T03:49:38.925-0300][gc,cpu      ] GC(30) User=0.05s Sys=0.05s Real=0.02s
[2025-04-12T03:58:37.081-0300][gc,start    ] GC(31) Pause Young (Normal) (G1 Evacuation Pause)
[2025-04-12T03:58:37.081-0300][gc,task     ] GC(31) Using 8 workers of 8 for evacuation
[2025-04-12T03:58:37.092-0300][gc,phases   ] GC(31)   Pre Evacuate Collection Set: 0.5ms
[2025-04-12T03:58:37.093-0300][gc,phases   ] GC(31)   Merge Heap Roots: 0.3ms
[2025-04-12T03:58:37.093-0300][gc,phases   ] GC(31)   Evacuate Collection Set: 8.2ms
[2025-04-12T03:58:37.093-0300][gc,phases   ] GC(31)   Post Evacuate Collection Set: 0.9ms
[2025-04-12T03:58:37.093-0300][gc,phases   ] GC(31)   Other: 1.2ms
[2025-04-12T03:58:37.094-0300][gc,heap     ] GC(31) Eden regions: 71->0(46)
[2025-04-12T03:58:37.094-0300][gc,heap     ] GC(31) Survivor regions: 3->5(10)
[2025-04-12T03:58:37.094-0300][gc,heap     ] GC(31) Old regions: 64->64
[2025-04-12T03:58:37.094-0300][gc,heap     ] GC(31) Humongous regions: 149->149
[2025-04-12T03:58:37.095-0300][gc,metaspace] GC(31) Metaspace: 49832K(50880K)->49832K(50880K) NonClass: 44196K(44800K)->44196K(44800K) Class: 5636K(6080K)->5636K(6080K)
[2025-04-12T03:58:37.095-0300][gc          ] GC(31) Pause Young (Normal) (G1 Evacuation Pause) 286M->217M(1024M) 14.169ms
[2025-04-12T03:58:37.095-0300][gc,cpu      ] GC(31) User=0.03s Sys=0.03s Real=0.01s
[2025-04-12T04:05:33.022-0300][gc,start    ] GC(32) Pause Young (Normal) (G1 Evacuation Pause)
[2025-04-12T04:05:33.022-0300][gc,task     ] GC(32) Using 8 workers of 8 for evacuation
[2025-04-12T04:05:33.037-0300][gc,phases   ] GC(32)   Pre Evacuate Collection Set: 0.4ms
[2025-04-12T04:05:33.037-0300][gc,phases   ] GC(32)   Merge Heap Roots: 0.2ms
[2025-04-12T04:05:33.037-0300][gc,phases   ] GC(32)   Evacuate Collection Set: 12.5ms
[2025-04-12T04:05:33.037-0300][gc,phases   ] GC(32)   Post Evacuate Collection Set: 0.8ms
[2025-04-12T04:05:33.038-0300][gc,phases   ] GC(32)   Other: 0.3ms
[2025-04-12T04:05:33.038-0300][gc,heap     ] GC(32) Eden regions: 55->0(45)
[2025-04-12T04:05:33.038-0300][gc,heap     ] GC(32) Survivor regions: 5->6(8)
[2025-04-12T04:05:33.038-0300][gc,heap     ] GC(32) Old regions: 64->65
[2025-04-12T04:05:33.038-0300][gc,heap     ] GC(32) Humongous regions: 149->149
[2025-04-12T04:05:33.038-0300][gc,metaspace] GC(32) Metaspace: 49843K(50880K)->49843K(50880K) NonClass: 44207K(44800K)->44207K(44800K) Class: 5636K(6080K)->5636K(6080K)
[2025-04-12T04:05:33.039-0300][gc          ] GC(32) Pause Young (Normal) (G1 Evacuation Pause) 272M->219M(1024M) 16.694ms
[2025-04-12T04:05:33.039-0300][gc,cpu      ] GC(32) User=0.08s Sys=0.02s Real=0.02s
[2025-04-12T04:11:11.332-0300][gc,start    ] GC(33) Pause Young (Normal) (G1 Evacuation Pause)
[2025-04-12T04:11:11.332-0300][gc,task     ] GC(33) Using 8 workers of 8 for evacuation
[2025-04-12T04:11:11.347-0300][gc,phases   ] GC(33)   Pre Evacuate Collection Set: 0.6ms
[2025-04-12T04:11:11.347-0300][gc,phases   ] GC(33)   Merge Heap Roots: 0.2ms
[2025-04-12T04:11:11.347-0300][gc,phases   ] GC(33)   Evacuate Collection Set: 12.5ms
[2025-04-12T04:11:11.347-0300][gc,phases   ] GC(33)   Post Evacuate Collection Set: 0.8ms
[2025-04-12T04:11:11.348-0300][gc,phases   ] GC(33)   Other: 0.3ms
[2025-04-12T04:11:11.348-0300][gc,heap     ] GC(33) Eden regions: 45->0(83)
[2025-04-12T04:11:11.348-0300][gc,heap     ] GC(33) Survivor regions: 6->5(7)
[2025-04-12T04:11:11.348-0300][gc,heap     ] GC(33) Old regions: 65->68
[2025-04-12T04:11:11.348-0300][gc,heap     ] GC(33) Humongous regions: 149->149
[2025-04-12T04:11:11.349-0300][gc,metaspace] GC(33) Metaspace: 49860K(50880K)->49860K(50880K) NonClass: 44224K(44800K)->44224K(44800K) Class: 5636K(6080K)->5636K(6080K)
[2025-04-12T04:11:11.349-0300][gc          ] GC(33) Pause Young (Normal) (G1 Evacuation Pause) 264M->220M(1024M) 16.964ms
[2025-04-12T04:11:11.349-0300][gc,cpu      ] GC(33) User=0.08s Sys=0.00s Real=0.02s
[2025-04-12T11:38:37.722-0300][gc,start    ] GC(34) Pause Young (Normal) (G1 Evacuation Pause)
[2025-04-12T11:38:37.723-0300][gc,task     ] GC(34) Using 8 workers of 8 for evacuation
[2025-04-12T11:38:37.737-0300][gc,phases   ] GC(34)   Pre Evacuate Collection Set: 0.8ms
[2025-04-12T11:38:37.738-0300][gc,phases   ] GC(34)   Merge Heap Roots: 0.5ms
[2025-04-12T11:38:37.738-0300][gc,phases   ] GC(34)   Evacuate Collection Set: 11.4ms
[2025-04-12T11:38:37.739-0300][gc,phases   ] GC(34)   Post Evacuate Collection Set: 1.1ms
[2025-04-12T11:38:37.739-0300][gc,phases   ] GC(34)   Other: 0.7ms
[2025-04-12T11:38:37.739-0300][gc,heap     ] GC(34) Eden regions: 87->0(65)
[2025-04-12T11:38:37.739-0300][gc,heap     ] GC(34) Survivor regions: 5->8(12)
[2025-04-12T11:38:37.740-0300][gc,heap     ] GC(34) Old regions: 68->68
[2025-04-12T11:38:37.740-0300][gc,heap     ] GC(34) Humongous regions: 149->149
[2025-04-12T11:38:37.740-0300][gc,metaspace] GC(34) Metaspace: 49889K(50880K)->49889K(50880K) NonClass: 44252K(44800K)->44252K(44800K) Class: 5636K(6080K)->5636K(6080K)
[2025-04-12T11:38:37.741-0300][gc          ] GC(34) Pause Young (Normal) (G1 Evacuation Pause) 307M->224M(1024M) 18.290ms
[2025-04-12T11:38:37.741-0300][gc,cpu      ] GC(34) User=0.08s Sys=0.00s Real=0.02s
[2025-04-12T11:47:41.311-0300][gc,start    ] GC(35) Pause Young (Normal) (G1 Evacuation Pause)
[2025-04-12T11:47:41.312-0300][gc,task     ] GC(35) Using 8 workers of 8 for evacuation
[2025-04-12T11:47:41.323-0300][gc,phases   ] GC(35)   Pre Evacuate Collection Set: 0.5ms
[2025-04-12T11:47:41.323-0300][gc,phases   ] GC(35)   Merge Heap Roots: 0.4ms
[2025-04-12T11:47:41.324-0300][gc,phases   ] GC(35)   Evacuate Collection Set: 9.0ms
[2025-04-12T11:47:41.324-0300][gc,phases   ] GC(35)   Post Evacuate Collection Set: 1.0ms
[2025-04-12T11:47:41.324-0300][gc,phases   ] GC(35)   Other: 0.4ms
[2025-04-12T11:47:41.324-0300][gc,heap     ] GC(35) Eden regions: 72->0(79)
[2025-04-12T11:47:41.325-0300][gc,heap     ] GC(35) Survivor regions: 8->8(10)
[2025-04-12T11:47:41.325-0300][gc,heap     ] GC(35) Old regions: 68->71
[2025-04-12T11:47:41.325-0300][gc,heap     ] GC(35) Humongous regions: 149->149
[2025-04-12T11:47:41.325-0300][gc,metaspace] GC(35) Metaspace: 49892K(50880K)->49892K(50880K) NonClass: 44255K(44800K)->44255K(44800K) Class: 5636K(6080K)->5636K(6080K)
[2025-04-12T11:47:41.326-0300][gc          ] GC(35) Pause Young (Normal) (G1 Evacuation Pause) 296M->227M(1024M) 14.590ms
[2025-04-12T11:47:41.326-0300][gc,cpu      ] GC(35) User=0.05s Sys=0.01s Real=0.02s
[2025-04-12T11:58:15.598-0300][gc,start    ] GC(36) Pause Young (Normal) (G1 Evacuation Pause)
[2025-04-12T11:58:15.599-0300][gc,task     ] GC(36) Using 8 workers of 8 for evacuation
[2025-04-12T11:58:15.613-0300][gc,phases   ] GC(36)   Pre Evacuate Collection Set: 0.5ms
[2025-04-12T11:58:15.613-0300][gc,phases   ] GC(36)   Merge Heap Roots: 0.2ms
[2025-04-12T11:58:15.613-0300][gc,phases   ] GC(36)   Evacuate Collection Set: 11.4ms
[2025-04-12T11:58:15.614-0300][gc,phases   ] GC(36)   Post Evacuate Collection Set: 1.2ms
[2025-04-12T11:58:15.614-0300][gc,phases   ] GC(36)   Other: 0.5ms
[2025-04-12T11:58:15.614-0300][gc,heap     ] GC(36) Eden regions: 84->0(102)
[2025-04-12T11:58:15.615-0300][gc,heap     ] GC(36) Survivor regions: 8->8(12)
[2025-04-12T11:58:15.615-0300][gc,heap     ] GC(36) Old regions: 71->75
[2025-04-12T11:58:15.615-0300][gc,heap     ] GC(36) Humongous regions: 149->149
[2025-04-12T11:58:15.616-0300][gc,metaspace] GC(36) Metaspace: 49895K(50880K)->49895K(50880K) NonClass: 44258K(44800K)->44258K(44800K) Class: 5636K(6080K)->5636K(6080K)
[2025-04-12T11:58:15.616-0300][gc          ] GC(36) Pause Young (Normal) (G1 Evacuation Pause) 311M->230M(1024M) 17.939ms
[2025-04-12T11:58:15.617-0300][gc,cpu      ] GC(36) User=0.08s Sys=0.00s Real=0.02s
[2025-04-12T12:11:01.909-0300][gc,start    ] GC(37) Pause Young (Normal) (G1 Evacuation Pause)
[2025-04-12T12:11:01.910-0300][gc,task     ] GC(37) Using 8 workers of 8 for evacuation
[2025-04-12T12:11:01.932-0300][gc,mmu      ] GC(37) MMU target violated: 21.0ms (20.0ms/21.0ms)
[2025-04-12T12:11:01.933-0300][gc,phases   ] GC(37)   Pre Evacuate Collection Set: 0.7ms
[2025-04-12T12:11:01.933-0300][gc,phases   ] GC(37)   Merge Heap Roots: 0.6ms
[2025-04-12T12:11:01.933-0300][gc,phases   ] GC(37)   Evacuate Collection Set: 19.2ms
[2025-04-12T12:11:01.933-0300][gc,phases   ] GC(37)   Post Evacuate Collection Set: 1.1ms
[2025-04-12T12:11:01.934-0300][gc,phases   ] GC(37)   Other: 1.0ms
[2025-04-12T12:11:01.934-0300][gc,heap     ] GC(37) Eden regions: 105->0(93)
[2025-04-12T12:11:01.934-0300][gc,heap     ] GC(37) Survivor regions: 8->11(15)
[2025-04-12T12:11:01.934-0300][gc,heap     ] GC(37) Old regions: 75->75
[2025-04-12T12:11:01.935-0300][gc,heap     ] GC(37) Humongous regions: 149->149
[2025-04-12T12:11:01.935-0300][gc,metaspace] GC(37) Metaspace: 49915K(50944K)->49915K(50944K) NonClass: 44273K(44864K)->44273K(44864K) Class: 5642K(6080K)->5642K(6080K)
[2025-04-12T12:11:01.935-0300][gc          ] GC(37) Pause Young (Normal) (G1 Evacuation Pause) 335M->234M(1024M) 26.076ms
[2025-04-12T12:11:01.936-0300][gc,cpu      ] GC(37) User=0.05s Sys=0.11s Real=0.02s
[2025-04-12T12:23:00.999-0300][gc,start    ] GC(38) Pause Young (Normal) (G1 Evacuation Pause)
[2025-04-12T12:23:01.000-0300][gc,task     ] GC(38) Using 8 workers of 8 for evacuation
[2025-04-12T12:23:01.012-0300][gc,phases   ] GC(38)   Pre Evacuate Collection Set: 0.4ms
[2025-04-12T12:23:01.012-0300][gc,phases   ] GC(38)   Merge Heap Roots: 0.2ms
[2025-04-12T12:23:01.013-0300][gc,phases   ] GC(38)   Evacuate Collection Set: 9.9ms
[2025-04-12T12:23:01.013-0300][gc,phases   ] GC(38)   Post Evacuate Collection Set: 1.1ms
[2025-04-12T12:23:01.013-0300][gc,phases   ] GC(38)   Other: 0.4ms
[2025-04-12T12:23:01.014-0300][gc,heap     ] GC(38) Eden regions: 94->0(148)
[2025-04-12T12:23:01.014-0300][gc,heap     ] GC(38) Survivor regions: 11->7(14)
[2025-04-12T12:23:01.014-0300][gc,heap     ] GC(38) Old regions: 75->81
[2025-04-12T12:23:01.015-0300][gc,heap     ] GC(38) Humongous regions: 149->149
[2025-04-12T12:23:01.015-0300][gc,metaspace] GC(38) Metaspace: 49923K(50944K)->49923K(50944K) NonClass: 44280K(44864K)->44280K(44864K) Class: 5642K(6080K)->5642K(6080K)
[2025-04-12T12:23:01.015-0300][gc          ] GC(38) Pause Young (Normal) (G1 Evacuation Pause) 328M->235M(1024M) 16.023ms
[2025-04-12T12:23:01.016-0300][gc,cpu      ] GC(38) User=0.07s Sys=0.01s Real=0.02s
[2025-04-12T12:41:49.838-0300][gc,start    ] GC(39) Pause Young (Normal) (G1 Evacuation Pause)
[2025-04-12T12:41:49.838-0300][gc,task     ] GC(39) Using 8 workers of 8 for evacuation
[2025-04-12T12:41:49.853-0300][gc,phases   ] GC(39)   Pre Evacuate Collection Set: 0.7ms
[2025-04-12T12:41:49.854-0300][gc,phases   ] GC(39)   Merge Heap Roots: 0.7ms
[2025-04-12T12:41:49.854-0300][gc,phases   ] GC(39)   Evacuate Collection Set: 10.0ms
[2025-04-12T12:41:49.855-0300][gc,phases   ] GC(39)   Post Evacuate Collection Set: 1.0ms
[2025-04-12T12:41:49.855-0300][gc,phases   ] GC(39)   Other: 2.6ms
[2025-04-12T12:41:49.855-0300][gc,heap     ] GC(39) Eden regions: 147->0(493)
[2025-04-12T12:41:49.855-0300][gc,heap     ] GC(39) Survivor regions: 7->5(20)
[2025-04-12T12:41:49.856-0300][gc,heap     ] GC(39) Old regions: 81->81
[2025-04-12T12:41:49.856-0300][gc,heap     ] GC(39) Humongous regions: 149->149
[2025-04-12T12:41:49.856-0300][gc,metaspace] GC(39) Metaspace: 49931K(50944K)->49931K(50944K) NonClass: 44289K(44864K)->44289K(44864K) Class: 5642K(6080K)->5642K(6080K)
[2025-04-12T12:41:49.857-0300][gc          ] GC(39) Pause Young (Normal) (G1 Evacuation Pause) 382M->234M(1024M) 19.197ms
[2025-04-12T12:41:49.857-0300][gc,cpu      ] GC(39) User=0.06s Sys=0.01s Real=0.02s
